<testsuites id="" name="" tests="1" failures="0" skipped="0" errors="0" time="22.170900000000003">
<testsuite name="onboarding_dashboard_features.spec.ts" timestamp="2026-06-21T19:27:26.406Z" hostname="chromium" tests="1" failures="0" skipped="0" time="20.841" errors="0">
<testcase name="Onboarding and Dashboard Features Integration › should complete the entire registration, email verification, login, sidebar filtering, services settings update, support, and notifications flow" classname="onboarding_dashboard_features.spec.ts" time="20.841">
<system-out>
<![CDATA[BROWSER LOG: %cDownload the React DevTools for a better development experience: https://react.dev/link/react-devtools font-weight:bold
BROWSER LOG: [HMR] connected
Retrieved email verification PIN from DB: 406978
BROWSER LOG: [Fast Refresh] rebuilding
BROWSER LOG: [Fast Refresh] done in 106ms
BROWSER LOG: %cDownload the React DevTools for a better development experience: https://react.dev/link/react-devtools font-weight:bold
BROWSER LOG: [HMR] connected
BROWSER LOG: %cDownload the React DevTools for a better development experience: https://react.dev/link/react-devtools font-weight:bold
BROWSER LOG: [HMR] connected
BROWSER LOG: Failed to load resource: the server responded with a status of 404 (Not Found)
BROWSER LOG: Failed to fetch api keys: ApiError: Not Found
    at createApiClient.use (http://localhost:3000/_next/static/chunks/src_0nbifoq._.js:148:35)
    at async Axios.request (http://localhost:3000/_next/static/chunks/node_modules_0e.o7vh._.js:7210:20)
    at async fetchWithRetry (http://localhost:3000/_next/static/chunks/src_0nbifoq._.js:164:26)
    at async useApiKeys.useCallback[fetchKeys] (http://localhost:3000/_next/static/chunks/src_0r9ao3j._.js:3728:29)
BROWSER LOG: Failed to load resource: the server responded with a status of 404 (Not Found)
BROWSER LOG: Failed to fetch webhooks: ApiError: Not Found
    at createApiClient.use (http://localhost:3000/_next/static/chunks/src_0nbifoq._.js:148:35)
    at async Axios.request (http://localhost:3000/_next/static/chunks/node_modules_0e.o7vh._.js:7210:20)
    at async fetchWithRetry (http://localhost:3000/_next/static/chunks/src_0nbifoq._.js:164:26)
    at async Object.list (http://localhost:3000/_next/static/chunks/src_0r9ao3j._.js:2072:16)
    at async fetchWebhooks (http://localhost:3000/_next/static/chunks/src_0r9ao3j._.js:2128:30)
BROWSER LOG: Failed to load resource: the server responded with a status of 404 (Not Found)
BROWSER LOG: Failed to fetch notification settings: ApiError: Not Found
    at createApiClient.use (http://localhost:3000/_next/static/chunks/src_0nbifoq._.js:148:35)
    at async Axios.request (http://localhost:3000/_next/static/chunks/node_modules_0e.o7vh._.js:7210:20)
    at async fetchWithRetry (http://localhost:3000/_next/static/chunks/src_0nbifoq._.js:164:26)
    at async Object.getNotificationSettings (http://localhost:3000/_next/static/chunks/src_0r9ao3j._.js:2560:16)
    at async fetchSettings (http://localhost:3000/_next/static/chunks/src_0r9ao3j._.js:2876:30)
BROWSER LOG: Failed to load resource: the server responded with a status of 404 (Not Found)
BROWSER LOG: Failed to load resource: the server responded with a status of 404 (Not Found)
BROWSER LOG: Failed to fetch api keys: ApiError: Not Found
    at createApiClient.use (http://localhost:3000/_next/static/chunks/src_0nbifoq._.js:148:35)
    at async Axios.request (http://localhost:3000/_next/static/chunks/node_modules_0e.o7vh._.js:7210:20)
    at async fetchWithRetry (http://localhost:3000/_next/static/chunks/src_0nbifoq._.js:164:26)
    at async useApiKeys.useCallback[fetchKeys] (http://localhost:3000/_next/static/chunks/src_0r9ao3j._.js:3728:29)
BROWSER LOG: Failed to fetch webhooks: ApiError: Not Found
    at createApiClient.use (http://localhost:3000/_next/static/chunks/src_0nbifoq._.js:148:35)
    at async Axios.request (http://localhost:3000/_next/static/chunks/node_modules_0e.o7vh._.js:7210:20)
    at async fetchWithRetry (http://localhost:3000/_next/static/chunks/src_0nbifoq._.js:164:26)
    at async Object.list (http://localhost:3000/_next/static/chunks/src_0r9ao3j._.js:2072:16)
    at async fetchWebhooks (http://localhost:3000/_next/static/chunks/src_0r9ao3j._.js:2128:30)
BROWSER LOG: Failed to load resource: the server responded with a status of 404 (Not Found)
BROWSER LOG: Failed to fetch notification settings: ApiError: Not Found
    at createApiClient.use (http://localhost:3000/_next/static/chunks/src_0nbifoq._.js:148:35)
    at async Axios.request (http://localhost:3000/_next/static/chunks/node_modules_0e.o7vh._.js:7210:20)
    at async fetchWithRetry (http://localhost:3000/_next/static/chunks/src_0nbifoq._.js:164:26)
    at async Object.getNotificationSettings (http://localhost:3000/_next/static/chunks/src_0r9ao3j._.js:2560:16)
    at async fetchSettings (http://localhost:3000/_next/static/chunks/src_0r9ao3j._.js:2876:30)
BROWSER LOG: [Fast Refresh] rebuilding
BROWSER LOG: [Fast Refresh] done in 117ms
BROWSER LOG: %cDownload the React DevTools for a better development experience: https://react.dev/link/react-devtools font-weight:bold
BROWSER LOG: [HMR] connected
BROWSER LOG: Failed to load resource: the server responded with a status of 404 (Not Found)
BROWSER LOG: Failed to load resource: the server responded with a status of 404 (Not Found)
BROWSER LOG: Failed to fetch api keys: ApiError: Not Found
    at createApiClient.use (http://localhost:3000/_next/static/chunks/src_0nbifoq._.js:148:35)
    at async Axios.request (http://localhost:3000/_next/static/chunks/node_modules_0e.o7vh._.js:7210:20)
    at async fetchWithRetry (http://localhost:3000/_next/static/chunks/src_0nbifoq._.js:164:26)
    at async useApiKeys.useCallback[fetchKeys] (http://localhost:3000/_next/static/chunks/src_0r9ao3j._.js:3728:29)
BROWSER LOG: Failed to fetch webhooks: ApiError: Not Found
    at createApiClient.use (http://localhost:3000/_next/static/chunks/src_0nbifoq._.js:148:35)
    at async Axios.request (http://localhost:3000/_next/static/chunks/node_modules_0e.o7vh._.js:7210:20)
    at async fetchWithRetry (http://localhost:3000/_next/static/chunks/src_0nbifoq._.js:164:26)
    at async Object.list (http://localhost:3000/_next/static/chunks/src_0r9ao3j._.js:2072:16)
    at async fetchWebhooks (http://localhost:3000/_next/static/chunks/src_0r9ao3j._.js:2128:30)
BROWSER LOG: [Fast Refresh] rebuilding
BROWSER LOG: [Fast Refresh] done in 167ms
BROWSER LOG: Failed to load resource: the server responded with a status of 404 (Not Found)
BROWSER LOG: Failed to fetch notification settings: ApiError: Not Found
    at createApiClient.use (http://localhost:3000/_next/static/chunks/src_0nbifoq._.js:148:35)
    at async Axios.request (http://localhost:3000/_next/static/chunks/node_modules_0e.o7vh._.js:7210:20)
    at async fetchWithRetry (http://localhost:3000/_next/static/chunks/src_0nbifoq._.js:164:26)
    at async Object.getNotificationSettings (http://localhost:3000/_next/static/chunks/src_0r9ao3j._.js:2560:16)
    at async fetchSettings (http://localhost:3000/_next/static/chunks/src_0r9ao3j._.js:2876:30)
BROWSER LOG: Failed to load resource: the server responded with a status of 404 (Not Found)
BROWSER LOG: Failed to fetch api keys: ApiError: Not Found
    at createApiClient.use (http://localhost:3000/_next/static/chunks/src_0nbifoq._.js:148:35)
    at async Axios.request (http://localhost:3000/_next/static/chunks/node_modules_0e.o7vh._.js:7210:20)
    at async fetchWithRetry (http://localhost:3000/_next/static/chunks/src_0nbifoq._.js:164:26)
    at async useApiKeys.useCallback[fetchKeys] (http://localhost:3000/_next/static/chunks/src_0r9ao3j._.js:3728:29)
BROWSER LOG: Failed to load resource: the server responded with a status of 404 (Not Found)
BROWSER LOG: Failed to fetch webhooks: ApiError: Not Found
    at createApiClient.use (http://localhost:3000/_next/static/chunks/src_0nbifoq._.js:148:35)
    at async Axios.request (http://localhost:3000/_next/static/chunks/node_modules_0e.o7vh._.js:7210:20)
    at async fetchWithRetry (http://localhost:3000/_next/static/chunks/src_0nbifoq._.js:164:26)
    at async Object.list (http://localhost:3000/_next/static/chunks/src_0r9ao3j._.js:2072:16)
    at async fetchWebhooks (http://localhost:3000/_next/static/chunks/src_0r9ao3j._.js:2128:30)
BROWSER LOG: Failed to load resource: the server responded with a status of 404 (Not Found)
BROWSER LOG: Failed to fetch notification settings: ApiError: Not Found
    at createApiClient.use (http://localhost:3000/_next/static/chunks/src_0nbifoq._.js:148:35)
    at async Axios.request (http://localhost:3000/_next/static/chunks/node_modules_0e.o7vh._.js:7210:20)
    at async fetchWithRetry (http://localhost:3000/_next/static/chunks/src_0nbifoq._.js:164:26)
    at async Object.getNotificationSettings (http://localhost:3000/_next/static/chunks/src_0r9ao3j._.js:2560:16)
    at async fetchSettings (http://localhost:3000/_next/static/chunks/src_0r9ao3j._.js:2876:30)
BROWSER LOG: %cDownload the React DevTools for a better development experience: https://react.dev/link/react-devtools font-weight:bold
BROWSER LOG: [HMR] connected
BROWSER LOG: %cDownload the React DevTools for a better development experience: https://react.dev/link/react-devtools font-weight:bold
BROWSER LOG: [HMR] connected
]]>
</system-out>
<system-err>
</system-err>
</testcase>
</testsuite>
</testsuites>